// Vitest Snapshot v1

exports[`HelloWorld.vue > should render 1`] = `"<div>10 <button class=\\"inc\\">+</button><button class=\\"dec\\">-</button></div>"`;
